            Start -              End (Duration) | Activity@Category Tags
------------------------------------------------+------------------------
 2012-01-05 10:10 - 2012-01-05 15:20 (5h 10min) | Literature search for oil-producing algae@energyproject 
 2012-01-07 08:10 - 2012-01-07 14:50 (6h 40min) | Describe new oil-producing algae idea@energyproject 
 2012-02-05 10:10 - 2012-02-05 15:20 (5h 10min) | Publish oil-producing algae idea@energyproject 
